// Jest Snapshot v1, https://goo.gl/fbAQLP

exports[`<SelectedFilmPage/> should render with given state from Redux store 1`] = `
<BrowserRouter
  render={[Function]}
>
  <Router
    history={
      Object {
        "action": "POP",
        "block": [Function],
        "createHref": [Function],
        "go": [Function],
        "goBack": [Function],
        "goForward": [Function],
        "length": 1,
        "listen": [Function],
        "location": Object {
          "hash": "",
          "pathname": "/",
          "search": "",
          "state": undefined,
        },
        "push": [Function],
        "replace": [Function],
      }
    }
  />
</BrowserRouter>
`;
